[29Aug2026 00:00:02.198] [Worker-Main-5/WARN] [com.simibubi.create.Create/]: Your custom create:pressing recipe (minecraft:dummy) specified a duration. Durations have no impact on this type of recipe.
[29Aug2026 00:00:02.201] [Worker-Main-5/WARN] [com.simibubi.create.Create/]: Your custom create:pressing recipe (crafttweaker:sequenced_assembly/seq_blast_brick_step_2) specified a duration. Durations have no impact on this type of recipe.
[29Aug2026 00:00:02.211] [Worker-Main-5/WARN] [com.simibubi.create.Create/]: Your custom create:pressing recipe (minecraft:dummy) specified a duration. Durations have no impact on this type of recipe.
[29Aug2026 00:00:02.211] [Worker-Main-5/WARN] [com.simibubi.create.Create/]: Your custom create:pressing recipe (crafttweaker:sequenced_assembly/seq_ashium_key_step_1) specified a duration. Durations have no impact on this type of recipe.
[29Aug2026 00:00:02.212] [Worker-Main-5/WARN] [com.simibubi.create.Create/]: Your custom create:pressing recipe (minecraft:dummy) specified a duration. Durations have no impact on this type of recipe.
[29Aug2026 00:00:02.212] [Worker-Main-5/WARN] [com.simibubi.create.Create/]: Your custom create:pressing recipe (crafttweaker:sequenced_assembly/seq_gorginite_key_step_1) specified a duration. Durations have no impact on this type of recipe.
[29Aug2026 00:00:02.212] [Worker-Main-5/WARN] [com.simibubi.create.Create/]: Your custom create:pressing recipe (minecraft:dummy) specified a duration. Durations have no impact on this type of recipe.
[29Aug2026 00:00:02.212] [Worker-Main-5/WARN] [com.simibubi.create.Create/]: Your custom create:pressing recipe (crafttweaker:sequenced_assembly/seq_tubium_key_step_1) specified a duration. Durations have no impact on this type of recipe.
[29Aug2026 00:00:02.212] [Worker-Main-5/WARN] [com.simibubi.create.Create/]: Your custom create:pressing recipe (minecraft:dummy) specified a duration. Durations have no impact on this type of recipe.
[29Aug2026 00:00:02.212] [Worker-Main-5/WARN] [com.simibubi.create.Create/]: Your custom create:pressing recipe (crafttweaker:sequenced_assembly/seq_iskallium_key_step_1) specified a duration. Durations have no impact on this type of recipe.
[29Aug2026 00:00:02.212] [Worker-Main-5/WARN] [com.simibubi.create.Create/]: Your custom create:pressing recipe (minecraft:dummy) specified a duration. Durations have no impact on this type of recipe.
[29Aug2026 00:00:02.213] [Worker-Main-5/WARN] [com.simibubi.create.Create/]: Your custom create:pressing recipe (crafttweaker:sequenced_assembly/seq_petzanite_key_step_1) specified a duration. Durations have no impact on this type of recipe.
[29Aug2026 00:00:02.213] [Worker-Main-5/WARN] [com.simibubi.create.Create/]: Your custom create:pressing recipe (minecraft:dummy) specified a duration. Durations have no impact on this type of recipe.
[29Aug2026 00:00:02.213] [Worker-Main-5/WARN] [com.simibubi.create.Create/]: Your custom create:pressing recipe (crafttweaker:sequenced_assembly/seq_upaline_key_step_1) specified a duration. Durations have no impact on this type of recipe.
[29Aug2026 00:00:02.213] [Worker-Main-5/WARN] [com.simibubi.create.Create/]: Your custom create:pressing recipe (minecraft:dummy) specified a duration. Durations have no impact on this type of recipe.
[29Aug2026 00:00:02.213] [Worker-Main-5/WARN] [com.simibubi.create.Create/]: Your custom create:pressing recipe (crafttweaker:sequenced_assembly/seq_sparkletine_key_step_1) specified a duration. Durations have no impact on this type of recipe.
[29Aug2026 00:00:02.214] [Worker-Main-5/WARN] [com.simibubi.create.Create/]: Your custom create:pressing recipe (minecraft:dummy) specified a duration. Durations have no impact on this type of recipe.
[29Aug2026 00:00:02.214] [Worker-Main-5/WARN] [com.simibubi.create.Create/]: Your custom create:pressing recipe (crafttweaker:sequenced_assembly/seq_xenium_key_step_1) specified a duration. Durations have no impact on this type of recipe.
[29Aug2026 00:00:02.214] [Worker-Main-5/WARN] [com.simibubi.create.Create/]: Your custom create:pressing recipe (minecraft:dummy) specified a duration. Durations have no impact on this type of recipe.
[29Aug2026 00:00:02.214] [Worker-Main-5/WARN] [com.simibubi.create.Create/]: Your custom create:pressing recipe (crafttweaker:sequenced_assembly/seq_bomignite_key_step_1) specified a duration. Durations have no impact on this type of recipe.
[29Aug2026 00:00:02.215] [Worker-Main-5/WARN] [com.simibubi.create.Create/]: Your custom create:pressing recipe (minecraft:dummy) specified a duration. Durations have no impact on this type of recipe.
[29Aug2026 00:00:02.215] [Worker-Main-5/WARN] [com.simibubi.create.Create/]: Your custom create:pressing recipe (crafttweaker:sequenced_assembly/seq_railways_birch_track_step_1) specified a duration. Durations have no impact on this type of recipe.
[29Aug2026 00:00:02.215] [Worker-Main-5/WARN] [com.simibubi.create.Create/]: Your custom create:pressing recipe (minecraft:dummy) specified a duration. Durations have no impact on this type of recipe.
[29Aug2026 00:00:02.215] [Worker-Main-5/WARN] [com.simibubi.create.Create/]: Your custom create:pressing recipe (crafttweaker:sequenced_assembly/seq_railways_tieless_track_step_1) specified a duration. Durations have no impact on this type of recipe.
[29Aug2026 00:00:02.216] [Worker-Main-5/WARN] [com.simibubi.create.Create/]: Your custom create:pressing recipe (minecraft:dummy) specified a duration. Durations have no impact on this type of recipe.
[29Aug2026 00:00:02.216] [Worker-Main-5/WARN] [com.simibubi.create.Create/]: Your custom create:pressing recipe (crafttweaker:sequenced_assembly/seq_railways_ender_track_step_1) specified a duration. Durations have no impact on this type of recipe.
[29Aug2026 00:00:02.216] [Worker-Main-5/WARN] [com.simibubi.create.Create/]: Your custom create:pressing recipe (minecraft:dummy) specified a duration. Durations have no impact on this type of recipe.
[29Aug2026 00:00:02.216] [Worker-Main-5/WARN] [com.simibubi.create.Create/]: Your custom create:pressing recipe (crafttweaker:sequenced_assembly/seq_railways_monorail_track_step_1) specified a duration. Durations have no impact on this type of recipe.
[29Aug2026 00:00:02.216] [Worker-Main-5/WARN] [com.simibubi.create.Create/]: Your custom create:pressing recipe (minecraft:dummy) specified a duration. Durations have no impact on this type of recipe.
[29Aug2026 00:00:02.216] [Worker-Main-5/WARN] [com.simibubi.create.Create/]: Your custom create:pressing recipe (crafttweaker:sequenced_assembly/seq_railways_phantom_track_step_1) specified a duration. Durations have no impact on this type of recipe.
[29Aug2026 00:00:02.216] [Worker-Main-5/WARN] [com.simibubi.create.Create/]: Your custom create:pressing recipe (minecraft:dummy) specified a duration. Durations have no impact on this type of recipe.
[29Aug2026 00:00:02.217] [Worker-Main-5/WARN] [com.simibubi.create.Create/]: Your custom create:pressing recipe (crafttweaker:sequenced_assembly/seq_railways_crimson_track_step_1) specified a duration. Durations have no impact on this type of recipe.
[29Aug2026 00:00:02.217] [Worker-Main-5/WARN] [com.simibubi.create.Create/]: Your custom create:pressing recipe (minecraft:dummy) specified a duration. Durations have no impact on this type of recipe.
[29Aug2026 00:00:02.217] [Worker-Main-5/WARN] [com.simibubi.create.Create/]: Your custom create:pressing recipe (crafttweaker:sequenced_assembly/seq_railways_oak_track_step_1) specified a duration. Durations have no impact on this type of recipe.
[29Aug2026 00:00:02.217] [Worker-Main-5/WARN] [com.simibubi.create.Create/]: Your custom create:pressing recipe (minecraft:dummy) specified a duration. Durations have no impact on this type of recipe.
[29Aug2026 00:00:02.217] [Worker-Main-5/WARN] [com.simibubi.create.Create/]: Your custom create:pressing recipe (crafttweaker:sequenced_assembly/seq_railways_acacia_track_step_1) specified a duration. Durations have no impact on this type of recipe.
[29Aug2026 00:00:02.217] [Worker-Main-5/WARN] [com.simibubi.create.Create/]: Your custom create:pressing recipe (minecraft:dummy) specified a duration. Durations have no impact on this type of recipe.
[29Aug2026 00:00:02.217] [Worker-Main-5/WARN] [com.simibubi.create.Create/]: Your custom create:pressing recipe (crafttweaker:sequenced_assembly/seq_railways_warped_track_step_1) specified a duration. Durations have no impact on this type of recipe.
[29Aug2026 00:00:02.218] [Worker-Main-5/WARN] [com.simibubi.create.Create/]: Your custom create:pressing recipe (minecraft:dummy) specified a duration. Durations have no impact on this type of recipe.
[29Aug2026 00:00:02.218] [Worker-Main-5/WARN] [com.simibubi.create.Create/]: Your custom create:pressing recipe (crafttweaker:sequenced_assembly/seq_railways_dark_oak_track_step_1) specified a duration. Durations have no impact on this type of recipe.
[29Aug2026 00:00:02.218] [Worker-Main-5/WARN] [com.simibubi.create.Create/]: Your custom create:pressing recipe (minecraft:dummy) specified a duration. Durations have no impact on this type of recipe.
[29Aug2026 00:00:02.218] [Worker-Main-5/WARN] [com.simibubi.create.Create/]: Your custom create:pressing recipe (crafttweaker:sequenced_assembly/seq_railways_jungle_track_step_1) specified a duration. Durations have no impact on this type of recipe.
[29Aug2026 00:00:02.218] [Worker-Main-5/WARN] [com.simibubi.create.Create/]: Your custom create:pressing recipe (minecraft:dummy) specified a duration. Durations have no impact on this type of recipe.
[29Aug2026 00:00:02.218] [Worker-Main-5/WARN] [com.simibubi.create.Create/]: Your custom create:pressing recipe (crafttweaker:sequenced_assembly/seq_railways_blackstone_track_step_1) specified a duration. Durations have no impact on this type of recipe.
[29Aug2026 00:00:02.218] [Worker-Main-5/WARN] [com.simibubi.create.Create/]: Your custom create:pressing recipe (minecraft:dummy) specified a duration. Durations have no impact on this type of recipe.
[29Aug2026 00:00:02.218] [Worker-Main-5/WARN] [com.simibubi.create.Create/]: Your custom create:pressing recipe (crafttweaker:sequenced_assembly/seq_railways_spruce_track_step_1) specified a duration. Durations have no impact on this type of recipe.
[29Aug2026 00:00:02.444] [Worker-Main-5/INFO] [CraftTweaker/]: crafttweaker.reload.complete
[29Aug2026 00:00:02.447] [main/WARN] [net.minecraft.core.MappedRegistry/]: Not all defined tags for registry ResourceKey[minecraft:root / minecraft:worldgen/biome] are present in data pack: the_vault:empty
[29Aug2026 00:00:02.626] [main/INFO] [net.mehvahdjukaar.supplementaries.Supplementaries/]: Finished additional setup in 0 seconds
[29Aug2026 00:00:03.494] [Server thread/INFO] [net.minecraft.server.dedicated.DedicatedServer/]: Starting minecraft server version 1.18.2
[29Aug2026 00:00:03.495] [Server thread/INFO] [net.minecraft.server.dedicated.DedicatedServer/]: Loading properties
[29Aug2026 00:00:03.495] [Server thread/INFO] [net.minecraft.server.dedicated.DedicatedServer/]: Default game type: SURVIVAL
[29Aug2026 00:00:03.495] [Server thread/INFO] [net.minecraft.server.MinecraftServer/]: Generating keypair
[29Aug2026 00:00:03.706] [Server thread/INFO] [net.minecraft.server.dedicated.DedicatedServer/]: Starting Minecraft server on *:25565
[29Aug2026 00:00:03.737] [Server thread/INFO] [net.minecraft.server.network.ServerConnectionListener/]: Using epoll channel type
[29Aug2026 00:00:03.829] [Server thread/WARN] [net.minecraft.server.dedicated.DedicatedServer/]: **** SERVER IS RUNNING IN OFFLINE/INSECURE MODE!
[29Aug2026 00:00:03.829] [Server thread/WARN] [net.minecraft.server.dedicated.DedicatedServer/]: The server will make no attempt to authenticate usernames. Beware.
[29Aug2026 00:00:03.830] [Server thread/WARN] [net.minecraft.server.dedicated.DedicatedServer/]: While this makes the game possible to play without internet access, it also opens up the ability for hackers to connect with any username they choose.
[29Aug2026 00:00:03.830] [Server thread/WARN] [net.minecraft.server.dedicated.DedicatedServer/]: To change this, set "online-mode" to "true" in the server.properties file.
[29Aug2026 00:00:03.959] [Server thread/INFO] [FluxNetworks/Energy]: Energy blacklist loaded: 1 block entries, 0 item entries
[29Aug2026 00:00:04.184] [Server thread/INFO] [spark/]: Starting background profiler...
[29Aug2026 00:00:05.559] [Server thread/INFO] [terrablender/]: Initialized TerraBlender biomes for level stem the_vault:the_other_side
[29Aug2026 00:00:05.560] [Server thread/INFO] [terrablender/]: Initialized TerraBlender biomes for level stem minecraft:the_nether
[29Aug2026 00:00:05.699] [Server thread/INFO] [terrablender/]: Initialized TerraBlender biomes for level stem minecraft:overworld
[29Aug2026 00:00:05.700] [Server thread/INFO] [net.minecraft.server.dedicated.DedicatedServer/]: Preparing level "world"
[29Aug2026 00:00:05.837] [Server thread/INFO] [shetiphian.core.ShetiPhianCore/]: Loading Teams Data
[29Aug2026 00:00:05.838] [Server thread/INFO] [shetiphian.core.ShetiPhianCore/]: Finished Loading Teams Data
[29Aug2026 00:00:05.933] [Server thread/INFO] [net.minecraft.server.MinecraftServer/]: Preparing start region for dimension minecraft:overworld
[29Aug2026 00:00:09.295] [Server thread/INFO] [net.minecraft.server.level.progress.LoggerChunkProgressListener/]: Preparing spawn area: 0%
[29Aug2026 00:00:09.296] [Server thread/INFO] [net.minecraft.server.level.progress.LoggerChunkProgressListener/]: Preparing spawn area: 0%
[29Aug2026 00:00:09.296] [Server thread/INFO] [net.minecraft.server.level.progress.LoggerChunkProgressListener/]: Preparing spawn area: 0%
[29Aug2026 00:00:09.296] [Server thread/INFO] [net.minecraft.server.level.progress.LoggerChunkProgressListener/]: Preparing spawn area: 0%
[29Aug2026 00:00:09.296] [Server thread/INFO] [net.minecraft.server.level.progress.LoggerChunkProgressListener/]: Preparing spawn area: 0%
[29Aug2026 00:00:09.296] [Server thread/INFO] [net.minecraft.server.level.progress.LoggerChunkProgressListener/]: Preparing spawn area: 0%
[29Aug2026 00:00:09.298] [Server thread/INFO] [net.minecraft.server.level.progress.LoggerChunkProgressListener/]: Preparing spawn area: 0%
[29Aug2026 00:00:09.437] [Server thread/INFO] [net.minecraft.server.level.progress.LoggerChunkProgressListener/]: Preparing spawn area: 2%
[29Aug2026 00:00:09.862] [Server thread/INFO] [net.minecraft.server.level.progress.LoggerChunkProgressListener/]: Time elapsed: 3929 ms
[29Aug2026 00:00:09.863] [Server thread/INFO] [net.minecraft.server.dedicated.DedicatedServer/]: Done (6.024s)! For help, type "help"
[29Aug2026 00:00:10.165] [Server thread/INFO] [net.minecraftforge.server.permission.PermissionAPI/]: Successfully initialized permission handler forge:default_handler
[29Aug2026 00:00:10.192] [Server thread/INFO] [com.polyvalord.neoncraft2.Neoncraft2/]: HELLO from server starting
[29Aug2026 00:00:10.197] [Server thread/INFO] [cyclopscore/]: Loading infobook /data/cyclopscore/info/test.xml
[29Aug2026 00:00:10.273] [Server thread/INFO] [patchouli/]: Sending reload packet to clients
[29Aug2026 00:00:10.285] [Server thread/WARN] [voicechat/]: [voicechat] Running in offline mode - Voice chat encryption is not secure!
[29Aug2026 00:00:10.296] [Server thread/WARN] [ModernFix/]: Dedicated server took 85.479 seconds to load
[29Aug2026 00:00:10.300] [VoiceChatServerThread/INFO] [voicechat/]: [voicechat] Voice chat server started at port 24454
[29Aug2026 00:00:18.393] [Server thread/INFO] [net.minecraftforge.common.AdvancementLoadFix/]: Using new advancement loading for net.minecraft.server.PlayerAdvancements@22c6dc38
[29Aug2026 00:00:18.455] [Server thread/INFO] [net.minecraft.server.players.PlayerList/]: Fukki[/127.184.13.77:37267] logged in with entity id 189 at (-5.759092528022527, 77.0, -117.53880975737088)
[29Aug2026 00:00:18.546] [Server thread/INFO] [net.minecraft.server.dedicated.DedicatedServer/]: Fukki joined the game
[29Aug2026 00:00:18.844] [Server thread/INFO] [Waila/]: Syncing config to Fukki (0b2bdc6f-d8de-3115-ae5d-c4211e8e6f45)
[29Aug2026 00:00:18.850] [Server thread/FATAL] [net.minecraftforge.fml.loading.RuntimeDistCleaner/DISTXFORM]: Attempted to load class net/minecraft/client/Minecraft for invalid dist DEDICATED_SERVER
[29Aug2026 00:00:19.298] [Server thread/INFO] [de.melanx.simplebackups.SimpleBackups/]: Backup done.
[29Aug2026 00:00:19.301] [SimpleBackups/INFO] [de.melanx.simplebackups.SimpleBackups/]: Backup started...
[29Aug2026 00:00:20.113] [Server thread/INFO] [voicechat/]: [voicechat] Received secret request of Fukki (20)
[29Aug2026 00:00:20.120] [Server thread/INFO] [voicechat/]: [voicechat] Sent secret to Fukki
[29Aug2026 00:00:24.257] [SimpleBackups/INFO] [de.melanx.simplebackups.SimpleBackups/]: Backup completed in 4.954s (35.7 MB | 130.7 MB)
[29Aug2026 00:00:42.367] [Server thread/INFO] [net.minecraftforge.common.AdvancementLoadFix/]: Using new advancement loading for net.minecraft.server.PlayerAdvancements@45e67ad1
[29Aug2026 00:00:42.410] [Server thread/INFO] [net.minecraft.server.players.PlayerList/]: lugalnt[/127.191.230.67:47865] logged in with entity id 269 at (-5.774406624338531, 76.5, -112.19877877905496)
[29Aug2026 00:00:42.443] [Server thread/INFO] [net.minecraft.server.dedicated.DedicatedServer/]: lugalnt joined the game
[29Aug2026 00:00:42.523] [Server thread/INFO] [Waila/]: Syncing config to lugalnt (0cf79336-1ed5-3910-945c-e2315a018fba)
[29Aug2026 00:00:42.526] [Server thread/FATAL] [net.minecraftforge.fml.loading.RuntimeDistCleaner/DISTXFORM]: Attempted to load class net/minecraft/client/Minecraft for invalid dist DEDICATED_SERVER
[29Aug2026 00:00:43.560] [Server thread/INFO] [voicechat/]: [voicechat] Received secret request of lugalnt (20)
[29Aug2026 00:00:43.561] [Server thread/INFO] [voicechat/]: [voicechat] Sent secret to lugalnt
[29Aug2026 00:01:19.557] [Server thread/INFO] [net.minecraft.server.dedicated.DedicatedServer/]: lugalnt has discovered Rusty Raider Chestplate transmog.
[29Aug2026 00:02:03.609] [Server thread/INFO] [net.minecraftforge.common.AdvancementLoadFix/]: Using new advancement loading for net.minecraft.server.PlayerAdvancements@6974a051
[29Aug2026 00:02:03.647] [Server thread/INFO] [net.minecraft.server.players.PlayerList/]: Noiiru[/127.239.116.71:51503] logged in with entity id 438 at (-9.66260127471336, 76.0, -109.74568900075606)
[29Aug2026 00:02:03.674] [Server thread/INFO] [net.minecraft.server.dedicated.DedicatedServer/]: Noiiru joined the game
[29Aug2026 00:02:03.743] [Server thread/INFO] [Waila/]: Syncing config to Noiiru (b0c33963-eacc-3654-96a1-f4c65b212066)
[29Aug2026 00:02:03.745] [Server thread/FATAL] [net.minecraftforge.fml.loading.RuntimeDistCleaner/DISTXFORM]: Attempted to load class net/minecraft/client/Minecraft for invalid dist DEDICATED_SERVER
[29Aug2026 00:02:04.709] [Server thread/INFO] [voicechat/]: [voicechat] Received secret request of Noiiru (20)
[29Aug2026 00:02:04.709] [Server thread/INFO] [voicechat/]: [voicechat] Sent secret to Noiiru
[29Aug2026 00:06:34.377] [Server thread/INFO] [net.minecraft.server.dedicated.DedicatedServer/]: <lugalnt> xaero-waypoint:base:B:-7:78:-117:7:false:0:Internal-overworld-waypoints
[29Aug2026 00:09:45.151] [Server thread/WARN] [net.minecraft.world.level.entity.PersistentEntitySectionManager/]: UUID of added entity already exists: FallingBlockEntity['Falling Block'/3284, l='ServerLevel[nigga]', x=338.50, y=70.00, z=-20.50]
[29Aug2026 00:10:51.563] [Server thread/INFO] [net.minecraft.server.dedicated.DedicatedServer/]: [Fukki: Teleported Fukki to lugalnt]
[29Aug2026 00:11:12.158] [Server thread/INFO] [net.minecraft.server.dedicated.DedicatedServer/]: [lugalnt: Gave 1    [Bamboo] to lugalnt]
[29Aug2026 00:12:47.407] [Server thread/INFO] [net.minecraft.server.network.ServerGamePacketListenerImpl/]: Fukki lost connection: You logged in from another location
[29Aug2026 00:12:47.408] [Server thread/INFO] [net.minecraft.server.dedicated.DedicatedServer/]: Fukki left the game
[29Aug2026 00:12:47.444] [Server thread/INFO] [voicechat/]: [voicechat] Disconnecting client Fukki
[29Aug2026 00:12:47.546] [Server thread/INFO] [net.minecraftforge.common.AdvancementLoadFix/]: Using new advancement loading for net.minecraft.server.PlayerAdvancements@2c9f5da7
[29Aug2026 00:12:47.564] [Server thread/WARN] [net.minecraft.network.Connection/]: handleDisconnection() called twice
[29Aug2026 00:12:47.608] [Server thread/INFO] [net.minecraft.server.players.PlayerList/]: Fukki[/127.184.13.77:50569] logged in with entity id 3923 at (-1.3017276221957528, 77.0, -115.19709780975576)
[29Aug2026 00:12:47.673] [Server thread/INFO] [net.minecraft.server.dedicated.DedicatedServer/]: Fukki joined the game
[29Aug2026 00:12:47.769] [Server thread/INFO] [Waila/]: Syncing config to Fukki (0b2bdc6f-d8de-3115-ae5d-c4211e8e6f45)
[29Aug2026 00:12:47.774] [Server thread/FATAL] [net.minecraftforge.fml.loading.RuntimeDistCleaner/DISTXFORM]: Attempted to load class net/minecraft/client/Minecraft for invalid dist DEDICATED_SERVER
[29Aug2026 00:12:48.160] [Server thread/INFO] [voicechat/]: [voicechat] Received secret request of Fukki (20)
[29Aug2026 00:12:48.161] [Server thread/INFO] [voicechat/]: [voicechat] Sent secret to Fukki
[29Aug2026 00:12:59.952] [Server thread/INFO] [net.minecraft.server.network.ServerGamePacketListenerImpl/]: lugalnt lost connection: You logged in from another location
[29Aug2026 00:12:59.953] [Server thread/INFO] [net.minecraft.server.dedicated.DedicatedServer/]: lugalnt left the game
[29Aug2026 00:12:59.954] [Server thread/INFO] [voicechat/]: [voicechat] Disconnecting client lugalnt
[29Aug2026 00:13:00.065] [Server thread/INFO] [net.minecraft.server.players.PlayerList/]: lugalnt[/127.191.230.67:38103] logged in with entity id 3977 at (-8.65840149298478, 76.0, -110.21285450064453)
[29Aug2026 00:13:00.092] [Server thread/INFO] [net.minecraft.server.dedicated.DedicatedServer/]: lugalnt joined the game
[29Aug2026 00:13:00.136] [Server thread/INFO] [Waila/]: Syncing config to lugalnt (0cf79336-1ed5-3910-945c-e2315a018fba)
[29Aug2026 00:13:00.139] [Server thread/FATAL] [net.minecraftforge.fml.loading.RuntimeDistCleaner/DISTXFORM]: Attempted to load class net/minecraft/client/Minecraft for invalid dist DEDICATED_SERVER
[29Aug2026 00:13:00.417] [Server thread/INFO] [voicechat/]: [voicechat] Received secret request of lugalnt (20)
[29Aug2026 00:13:00.419] [Server thread/INFO] [voicechat/]: [voicechat] Sent secret to lugalnt
[29Aug2026 00:13:25.496] [Server thread/INFO] [net.minecraft.server.dedicated.DedicatedServer/]: [Fukki: Gave 1    [Redstone Dust] to Fukki]
[29Aug2026 00:13:43.454] [Server thread/INFO] [net.minecraft.server.network.ServerLoginPacketListenerImpl/]: /127.191.230.67:41399 lost connection: Disconnected
[29Aug2026 00:18:58.076] [Server thread/INFO] [net.minecraft.server.dedicated.DedicatedServer/]: lugalnt opened a Vault!
[29Aug2026 00:19:01.720] [Server thread/INFO] [iskallia.vault.VaultMod/]: Creating vault with seed -3844549279395448282
[29Aug2026 00:19:04.997] [Server thread/WARN] [net.minecraft.server.MinecraftServer/]: Can't keep up! Is the server overloaded? Running 3251ms or 65 ticks behind
[29Aug2026 00:19:06.534] [Server thread/INFO] [net.minecraft.server.dedicated.DedicatedServer/]: Noiiru entered a 1x Beginner's Grace Brazier Vault!
[29Aug2026 00:19:06.683] [Server thread/INFO] [net.minecraft.server.dedicated.DedicatedServer/]: Fukki entered a 1x Beginner's Grace Brazier Vault!
[29Aug2026 00:19:06.700] [Server thread/INFO] [net.minecraft.server.dedicated.DedicatedServer/]: lugalnt entered a 1x Beginner's Grace Brazier Vault!
[29Aug2026 00:29:55.827] [Server thread/INFO] [net.minecraft.server.dedicated.DedicatedServer/]: Noiiru discovered and conquered Sporegrove
[29Aug2026 00:29:55.828] [Server thread/INFO] [net.minecraft.server.dedicated.DedicatedServer/]: Noiiru completed a Brazier Vault!
[29Aug2026 00:30:29.955] [Server thread/INFO] [net.minecraft.server.dedicated.DedicatedServer/]: Noiiru has discovered Minotaur Leggings transmog.
[29Aug2026 00:30:44.705] [Server thread/INFO] [net.minecraft.server.dedicated.DedicatedServer/]: Noiiru has discovered Etched Blade transmog.
[29Aug2026 00:32:01.070] [Server thread/INFO] [net.minecraft.server.dedicated.DedicatedServer/]: Noiiru has made the advancement [Sweet Dreams]
[29Aug2026 00:33:50.488] [Server thread/INFO] [net.minecraft.server.dedicated.DedicatedServer/]: lugalnt discovered and conquered Sporegrove
[29Aug2026 00:33:50.489] [Server thread/INFO] [net.minecraft.server.dedicated.DedicatedServer/]: lugalnt completed a Brazier Vault!
[29Aug2026 00:34:32.477] [Server thread/INFO] [net.minecraft.server.dedicated.DedicatedServer/]: Fukki discovered and conquered Sporegrove
[29Aug2026 00:34:32.477] [Server thread/INFO] [net.minecraft.server.dedicated.DedicatedServer/]: Fukki completed a Brazier Vault!
[29Aug2026 00:34:32.565] [Server thread/INFO] [iskallia.vault.VaultMod/]: Deleting level ./world/dimensions/the_vault/vault_fceedc5a-b7f0-4c4f-b17f-3868cdf668fd
[29Aug2026 00:34:54.355] [Server thread/INFO] [net.minecraft.server.dedicated.DedicatedServer/]: lugalnt has discovered Rusty Knight Boots transmog.
[29Aug2026 00:35:28.553] [Server thread/INFO] [net.minecraft.server.dedicated.DedicatedServer/]: Fukki has discovered Scrap Sword #2 transmog.
[29Aug2026 00:35:29.154] [Server thread/INFO] [net.minecraft.server.dedicated.DedicatedServer/]: Fukki has discovered Rusty Knight Helmet transmog.
[29Aug2026 00:36:42.804] [Server thread/INFO] [net.minecraft.server.dedicated.DedicatedServer/]: Fukki has discovered Wither Wolf Chestplate transmog.
[29Aug2026 00:37:30.318] [Server thread/INFO] [net.minecraft.server.dedicated.DedicatedServer/]: [lugalnt: Gamerule vaultAllowKnowledgeBrew is now set to: true]
[29Aug2026 00:37:47.721] [Server thread/INFO] [net.minecraft.server.dedicated.DedicatedServer/]: [lugalnt: Gamerule vaultPartyExpSharing is now set to: average]
[29Aug2026 00:37:54.811] [Server thread/INFO] [net.minecraft.server.dedicated.DedicatedServer/]: [lugalnt: Gamerule vaultPartyMapSharing is now set to: true]
[29Aug2026 00:38:19.906] [Server thread/INFO] [net.minecraft.server.dedicated.DedicatedServer/]: Fukki has discovered Scroll transmog.
[29Aug2026 00:38:24.953] [Server thread/INFO] [net.minecraft.server.dedicated.DedicatedServer/]: Fukki has discovered Ninja Staff transmog.
[29Aug2026 00:38:25.405] [Server thread/INFO] [net.minecraft.server.dedicated.DedicatedServer/]: Fukki has discovered Rusty Raider Helmet transmog.
[29Aug2026 00:38:25.804] [Server thread/INFO] [net.minecraft.server.dedicated.DedicatedServer/]: Fukki has discovered Bark Shield transmog.
[29Aug2026 00:42:04.430] [Server thread/INFO] [net.minecraft.server.dedicated.DedicatedServer/]: [Fukki: Teleported Fukki to lugalnt]
[29Aug2026 00:45:25.303] [Server thread/INFO] [net.minecraft.server.network.ServerGamePacketListenerImpl/]: lugalnt lost connection: Disconnected
[29Aug2026 00:45:25.303] [Server thread/INFO] [net.minecraft.server.dedicated.DedicatedServer/]: lugalnt left the game
[29Aug2026 00:45:25.304] [Server thread/INFO] [voicechat/]: [voicechat] Disconnecting client lugalnt
[29Aug2026 00:45:31.602] [Server thread/INFO] [net.minecraft.server.network.ServerGamePacketListenerImpl/]: Fukki lost connection: You logged in from another location
[29Aug2026 00:45:31.603] [Server thread/INFO] [net.minecraft.server.dedicated.DedicatedServer/]: Fukki left the game
[29Aug2026 00:45:31.603] [Server thread/INFO] [voicechat/]: [voicechat] Disconnecting client Fukki
[29Aug2026 00:45:31.720] [Server thread/INFO] [net.minecraft.server.players.PlayerList/]: Fukki[/127.184.13.77:56659] logged in with entity id 10833 at (-6.7264158710331525, 77.16610926093821, -120.88304809920697)
[29Aug2026 00:45:31.778] [Server thread/INFO] [net.minecraft.server.dedicated.DedicatedServer/]: Fukki joined the game
[29Aug2026 00:45:31.853] [Server thread/INFO] [Waila/]: Syncing config to Fukki (0b2bdc6f-d8de-3115-ae5d-c4211e8e6f45)
[29Aug2026 00:45:31.866] [Server thread/FATAL] [net.minecraftforge.fml.loading.RuntimeDistCleaner/DISTXFORM]: Attempted to load class net/minecraft/client/Minecraft for invalid dist DEDICATED_SERVER
[29Aug2026 00:45:32.283] [Server thread/INFO] [voicechat/]: [voicechat] Received secret request of Fukki (20)
[29Aug2026 00:45:32.284] [Server thread/INFO] [voicechat/]: [voicechat] Sent secret to Fukki
[29Aug2026 00:45:46.476] [Server thread/INFO] [net.minecraftforge.common.AdvancementLoadFix/]: Using new advancement loading for net.minecraft.server.PlayerAdvancements@60872284
[29Aug2026 00:45:46.527] [Server thread/INFO] [net.minecraft.server.players.PlayerList/]: lugalnt[/127.191.230.67:48665] logged in with entity id 10859 at (-4.868972173770662, 77.0, -118.42496567880785)
[29Aug2026 00:45:46.558] [Server thread/INFO] [net.minecraft.server.dedicated.DedicatedServer/]: lugalnt joined the game
[29Aug2026 00:45:46.602] [Server thread/INFO] [Waila/]: Syncing config to lugalnt (0cf79336-1ed5-3910-945c-e2315a018fba)
[29Aug2026 00:45:46.606] [Server thread/FATAL] [net.minecraftforge.fml.loading.RuntimeDistCleaner/DISTXFORM]: Attempted to load class net/minecraft/client/Minecraft for invalid dist DEDICATED_SERVER
[29Aug2026 00:45:46.946] [Server thread/INFO] [voicechat/]: [voicechat] Received secret request of lugalnt (20)
[29Aug2026 00:45:46.946] [Server thread/INFO] [voicechat/]: [voicechat] Sent secret to lugalnt
[29Aug2026 00:46:09.605] [Server thread/INFO] [net.minecraft.server.dedicated.DedicatedServer/]: lugalnt has made the advancement [Sweet Dreams]
[29Aug2026 00:46:24.247] [Server thread/INFO] [net.minecraft.server.dedicated.DedicatedServer/]: Fukki has discovered Arcade Helmet transmog.
[29Aug2026 00:46:24.247] [Server thread/INFO] [net.minecraft.server.dedicated.DedicatedServer/]: lugalnt has discovered Arcade Helmet transmog.
[29Aug2026 00:46:24.247] [Server thread/INFO] [net.minecraft.server.dedicated.DedicatedServer/]: Noiiru has discovered Arcade Helmet transmog.
[29Aug2026 00:46:24.248] [Server thread/INFO] [net.minecraft.server.dedicated.DedicatedServer/]: Fukki has discovered Arcade Chestplate transmog.
[29Aug2026 00:46:24.248] [Server thread/INFO] [net.minecraft.server.dedicated.DedicatedServer/]: lugalnt has discovered Arcade Chestplate transmog.
[29Aug2026 00:46:24.248] [Server thread/INFO] [net.minecraft.server.dedicated.DedicatedServer/]: Noiiru has discovered Arcade Chestplate transmog.
[29Aug2026 00:46:24.248] [Server thread/INFO] [net.minecraft.server.dedicated.DedicatedServer/]: Fukki has discovered Arcade Leggings transmog.
[29Aug2026 00:46:24.248] [Server thread/INFO] [net.minecraft.server.dedicated.DedicatedServer/]: lugalnt has discovered Arcade Leggings transmog.
[29Aug2026 00:46:24.249] [Server thread/INFO] [net.minecraft.server.dedicated.DedicatedServer/]: Noiiru has discovered Arcade Leggings transmog.
[29Aug2026 00:46:24.249] [Server thread/INFO] [net.minecraft.server.dedicated.DedicatedServer/]: Fukki has discovered Arcade Boots transmog.
[29Aug2026 00:46:24.249] [Server thread/INFO] [net.minecraft.server.dedicated.DedicatedServer/]: lugalnt has discovered Arcade Boots transmog.
[29Aug2026 00:46:24.249] [Server thread/INFO] [net.minecraft.server.dedicated.DedicatedServer/]: Noiiru has discovered Arcade Boots transmog.
[29Aug2026 00:46:42.856] [Server thread/INFO] [net.minecraft.server.dedicated.DedicatedServer/]: lugalnt has made the advancement [Storing externally]
[29Aug2026 00:47:30.026] [Server thread/INFO] [net.minecraft.server.dedicated.DedicatedServer/]: [lugalnt: Gave 3    [Mod Box] to lugalnt]
[29Aug2026 00:49:11.341] [Server thread/INFO] [net.minecraft.server.dedicated.DedicatedServer/]: [lugalnt: Gave 1    [Knowledge Star] to lugalnt]
[29Aug2026 00:50:40.007] [Server thread/INFO] [net.minecraft.server.dedicated.DedicatedServer/]: lugalnt has made the advancement [Refined Storage]
[29Aug2026 00:50:40.007] [Server thread/INFO] [net.minecraft.server.dedicated.DedicatedServer/]: [lugalnt: Gave 1    [Controller] to lugalnt]
[29Aug2026 00:51:08.270] [Server thread/INFO] [net.minecraft.server.dedicated.DedicatedServer/]: lugalnt has made the advancement [Drives]
[29Aug2026 00:51:08.271] [Server thread/INFO] [net.minecraft.server.dedicated.DedicatedServer/]: [lugalnt: Gave 1    [Disk Drive] to lugalnt]
[29Aug2026 00:51:36.311] [Server thread/INFO] [net.minecraft.server.dedicated.DedicatedServer/]: [lugalnt: Gave 1    [Iron Furnace] to lugalnt]
[29Aug2026 00:53:52.272] [Server thread/INFO] [net.minecraft.server.dedicated.DedicatedServer/]: [lugalnt: Gave 1    [Augment: Generator] to lugalnt]
[29Aug2026 00:54:12.211] [Server thread/INFO] [ModernFix/]: Made Refined Storage shape cache map thread-safe
[29Aug2026 00:54:19.756] [Server thread/INFO] [net.minecraft.server.dedicated.DedicatedServer/]: lugalnt has made the advancement [Upgrading your Grid]
[29Aug2026 00:54:19.756] [Server thread/INFO] [net.minecraft.server.dedicated.DedicatedServer/]: [lugalnt: Gave 1    [Crafting Grid] to lugalnt]
[29Aug2026 00:56:22.774] [Server thread/INFO] [net.minecraft.server.dedicated.DedicatedServer/]: [lugalnt: Gave 3    [Mod Box] to lugalnt]
[29Aug2026 00:56:28.154] [Server thread/INFO] [net.minecraft.server.dedicated.DedicatedServer/]: lugalnt has made the advancement [Viewing items]
[29Aug2026 00:59:33.570] [Server thread/INFO] [net.minecraft.server.dedicated.DedicatedServer/]: lugalnt opened a Vault!
[29Aug2026 00:59:37.615] [Server thread/INFO] [iskallia.vault.VaultMod/]: Creating vault with seed -8080918053637830650
[29Aug2026 00:59:40.974] [Server thread/INFO] [net.minecraft.server.dedicated.DedicatedServer/]: Fukki entered a 1x Beginner's Grace Brazier Vault!
[29Aug2026 00:59:41.044] [Server thread/WARN] [net.minecraft.server.MinecraftServer/]: Can't keep up! Is the server overloaded? Running 3348ms or 66 ticks behind
[29Aug2026 00:59:41.114] [Server thread/INFO] [net.minecraft.server.dedicated.DedicatedServer/]: lugalnt entered a 1x Beginner's Grace Brazier Vault!
[29Aug2026 00:59:41.237] [Server thread/INFO] [net.minecraft.server.dedicated.DedicatedServer/]: Noiiru entered a 1x Beginner's Grace Brazier Vault!
[29Aug2026 01:08:11.310] [Server thread/INFO] [net.minecraft.server.dedicated.DedicatedServer/]: <Fukki> }
[29Aug2026 01:08:18.316] [Server thread/INFO] [net.minecraft.server.dedicated.DedicatedServer/]: [Fukki: Teleported Fukki to lugalnt]
[29Aug2026 01:08:32.764] [Server thread/INFO] [net.minecraft.server.dedicated.DedicatedServer/]: [Noiiru: Teleported Noiiru to lugalnt]
[29Aug2026 01:09:51.802] [Server thread/INFO] [net.minecraft.server.dedicated.DedicatedServer/]: Noiiru has discovered Trash Lid transmog.
[29Aug2026 01:10:29.940] [Server thread/INFO] [net.minecraft.server.dedicated.DedicatedServer/]: [Noiiru: Teleported lugalnt to Noiiru]
[29Aug2026 01:10:32.684] [Server thread/INFO] [net.minecraft.server.dedicated.DedicatedServer/]: [Fukki: Teleported Fukki to lugalnt]
[29Aug2026 01:11:05.530] [Server thread/INFO] [net.minecraft.server.dedicated.DedicatedServer/]: [Noiiru: Teleported Noiiru to lugalnt]
[29Aug2026 01:12:02.305] [Server thread/INFO] [net.minecraft.server.dedicated.DedicatedServer/]: [Fukki: Teleported Fukki to lugalnt]
[29Aug2026 01:12:16.770] [Server thread/WARN] [net.minecraft.server.network.ServerGamePacketListenerImpl/]: Noiiru moved wrongly!
[29Aug2026 01:12:51.155] [Server thread/INFO] [net.minecraft.server.dedicated.DedicatedServer/]: [Fukki: Teleported Fukki to lugalnt]
[29Aug2026 01:13:12.264] [Server thread/INFO] [net.minecraft.server.dedicated.DedicatedServer/]: [Noiiru: Teleported Noiiru to lugalnt]
[29Aug2026 01:13:16.670] [Server thread/INFO] [net.minecraft.server.dedicated.DedicatedServer/]: Noiiru completed a Brazier Vault!
[29Aug2026 01:13:21.481] [Server thread/INFO] [net.minecraft.server.dedicated.DedicatedServer/]: Fukki completed a Brazier Vault!
[29Aug2026 01:13:32.883] [Server thread/INFO] [net.minecraft.server.dedicated.DedicatedServer/]: lugalnt completed a Brazier Vault!
[29Aug2026 01:13:33.209] [Server thread/INFO] [iskallia.vault.VaultMod/]: Deleting level ./world/dimensions/the_vault/vault_a9e80859-1c1e-4260-9c51-7d6375a2c49b
[29Aug2026 01:13:43.755] [Server thread/INFO] [net.minecraft.server.dedicated.DedicatedServer/]: Noiiru has discovered Ripped Tome transmog.
[29Aug2026 01:13:44.704] [Server thread/INFO] [net.minecraft.server.dedicated.DedicatedServer/]: Noiiru has discovered Rusty Raider Leggings transmog.
[29Aug2026 01:13:45.503] [Server thread/INFO] [net.minecraft.server.dedicated.DedicatedServer/]: Noiiru has discovered Jade Broadaxe transmog.
[29Aug2026 01:13:46.005] [Server thread/INFO] [net.minecraft.server.dedicated.DedicatedServer/]: Noiiru has discovered Dusty Tome transmog.
[29Aug2026 01:14:03.706] [Server thread/INFO] [net.minecraft.server.dedicated.DedicatedServer/]: lugalnt has discovered Eternal Flame transmog.
[29Aug2026 01:14:05.056] [Server thread/INFO] [net.minecraft.server.dedicated.DedicatedServer/]: lugalnt has discovered Ornate Shield transmog.
[29Aug2026 01:14:06.110] [Server thread/INFO] [net.minecraft.server.dedicated.DedicatedServer/]: lugalnt has discovered Dark Minotaur Helmet transmog.
[29Aug2026 01:14:06.854] [Server thread/INFO] [net.minecraft.server.dedicated.DedicatedServer/]: lugalnt has discovered Grizzly Leggings transmog.
[29Aug2026 01:14:15.355] [Server thread/INFO] [net.minecraft.server.dedicated.DedicatedServer/]: Fukki has discovered Black Chromatic Steel Magnet transmog.
[29Aug2026 01:16:06.553] [Server thread/INFO] [net.minecraft.server.dedicated.DedicatedServer/]: Fukki has discovered Swaxe transmog.
[29Aug2026 01:22:21.252] [Server thread/INFO] [net.minecraft.server.network.ServerGamePacketListenerImpl/]: lugalnt lost connection: Disconnected
[29Aug2026 01:22:21.253] [Server thread/INFO] [net.minecraft.server.dedicated.DedicatedServer/]: lugalnt left the game
[29Aug2026 01:22:21.254] [Server thread/INFO] [voicechat/]: [voicechat] Disconnecting client lugalnt
[29Aug2026 01:22:31.357] [Server thread/INFO] [net.minecraft.server.network.ServerGamePacketListenerImpl/]: Fukki lost connection: Disconnected
[29Aug2026 01:22:31.357] [Server thread/INFO] [net.minecraft.server.dedicated.DedicatedServer/]: Fukki left the game
[29Aug2026 01:22:31.358] [Server thread/INFO] [voicechat/]: [voicechat] Disconnecting client Fukki
[29Aug2026 01:22:31.764] [Server thread/INFO] [net.minecraft.server.dedicated.DedicatedServer/]: Stopping the server
[29Aug2026 01:22:31.798] [Server thread/INFO] [iskallia.vault.VaultMod/]: Successfully force-saved VaultSpectatorData to file: /workspaces/felipeSv/servidor_minecraft/world/data/the_vault_SpectatorData.dat
[29Aug2026 01:22:31.823] [Server thread/INFO] [net.minecraft.server.MinecraftServer/]: Stopping server
[29Aug2026 01:22:31.838] [Server thread/INFO] [net.minecraft.server.MinecraftServer/]: Saving players
[29Aug2026 01:22:31.907] [Server thread/INFO] [net.minecraft.server.network.ServerGamePacketListenerImpl/]: Noiiru lost connection: Server closed
[29Aug2026 01:22:31.908] [Server thread/INFO] [net.minecraft.server.dedicated.DedicatedServer/]: Noiiru left the game
[29Aug2026 01:22:31.978] [Server thread/INFO] [net.minecraft.server.MinecraftServer/]: Saving worlds
[29Aug2026 01:22:32.977] [Server thread/INFO] [net.minecraft.server.MinecraftServer/]: Saving chunks for level 'ServerLevel[nigga]'/minecraft:overworld
[29Aug2026 01:22:33.324] [Server thread/INFO] [net.minecraft.server.MinecraftServer/]: Saving chunks for level 'ServerLevel[nigga]'/the_vault:the_other_side
[29Aug2026 01:22:33.325] [Server thread/INFO] [net.minecraft.server.MinecraftServer/]: Saving chunks for level 'ServerLevel[nigga]'/the_vault:vault
[29Aug2026 01:22:33.326] [Server thread/INFO] [net.minecraft.server.MinecraftServer/]: Saving chunks for level 'ServerLevel[nigga]'/minecraft:the_nether
[29Aug2026 01:22:33.327] [Server thread/INFO] [net.minecraft.server.MinecraftServer/]: Saving chunks for level 'ServerLevel[nigga]'/ae2:spatial_storage
[29Aug2026 01:22:33.328] [Server thread/INFO] [net.minecraft.server.MinecraftServer/]: Saving chunks for level 'ServerLevel[nigga]'/minecraft:the_end
[29Aug2026 01:22:33.329] [Server thread/INFO] [net.minecraft.server.MinecraftServer/]: Saving chunks for level 'ServerLevel[nigga]'/the_vault:arena
[29Aug2026 01:22:33.568] [Server thread/INFO] [net.minecraft.server.MinecraftServer/]: ThreadedAnvilChunkStorage (world): All chunks are saved
[29Aug2026 01:22:33.568] [Server thread/INFO] [net.minecraft.server.MinecraftServer/]: ThreadedAnvilChunkStorage (the_other_side): All chunks are saved
[29Aug2026 01:22:33.568] [Server thread/INFO] [net.minecraft.server.MinecraftServer/]: ThreadedAnvilChunkStorage (vault): All chunks are saved
[29Aug2026 01:22:33.569] [Server thread/INFO] [net.minecraft.server.MinecraftServer/]: ThreadedAnvilChunkStorage (DIM-1): All chunks are saved
[29Aug2026 01:22:33.569] [Server thread/INFO] [net.minecraft.server.MinecraftServer/]: ThreadedAnvilChunkStorage (spatial_storage): All chunks are saved
[29Aug2026 01:22:33.569] [Server thread/INFO] [net.minecraft.server.MinecraftServer/]: ThreadedAnvilChunkStorage (DIM1): All chunks are saved
[29Aug2026 01:22:33.569] [Server thread/INFO] [net.minecraft.server.MinecraftServer/]: ThreadedAnvilChunkStorage (arena): All chunks are saved
[29Aug2026 01:22:33.569] [Server thread/INFO] [net.minecraft.server.MinecraftServer/]: ThreadedAnvilChunkStorage: All dimensions are saved
